MSBuild version 18.0.2+995a3dce4 for .NET Framework
Build started 12/9/2025 3:47:56 PM.

Project "C:\Users\mpotr\source\repos\moonlight-xbox\moonlight-xbox-dx.sln" on node 1 (default targets).
ValidateSolutionConfiguration:
  Building solution configuration "Debug|x64".
Project "C:\Users\mpotr\source\repos\moonlight-xbox\moonlight-xbox-dx.sln" (1) is building "C:\Users\mpotr\source\repos\moonlight-xbox\moonlight-xbox-dx.vcxproj" (2) on node 1 (default targets).
Project "C:\Users\mpotr\source\repos\moonlight-xbox\moonlight-xbox-dx.vcxproj" (2) is building "C:\Users\mpotr\source\repos\moonlight-xbox\libgamestream\build\gamestream.vcxproj" (3) on node 1 (default targets).
Project "C:\Users\mpotr\source\repos\moonlight-xbox\libgamestream\build\gamestream.vcxproj" (3) is building "C:\Users\mpotr\source\repos\moonlight-xbox\third_party\moonlight-common-c\build\enet\enet.vcxproj" (4) on node 1 (default targets).
Project "C:\Users\mpotr\source\repos\moonlight-xbox\third_party\moonlight-common-c\build\enet\enet.vcxproj" (4) is building "C:\Users\mpotr\source\repos\moonlight-xbox\libgamestream\build\ZERO_CHECK.vcxproj" (5) on node 1 (default targets).
PrepareForBuild:
  Structured output is enabled. The formatting of compiler diagnostics will reflect the error hierarchy. See https://aka.ms/cpp/structured-output for more details.
InitializeBuildStatus:
  Creating "x64\Debug\ZERO_CHECK\ZERO_CHECK.tlog\unsuccessfulbuild" because "AlwaysCreate" was specified.
  Touching "x64\Debug\ZERO_CHECK\ZERO_CHECK.tlog\unsuccessfulbuild".
CustomBuild:
  All outputs are up-to-date.
FinalizeBuildStatus:
  Deleting file "x64\Debug\ZERO_CHECK\ZERO_CHECK.tlog\unsuccessfulbuild".
  Touching "x64\Debug\ZERO_CHECK\ZERO_CHECK.tlog\ZERO_CHECK.lastbuildstate".
Done Building Project "C:\Users\mpotr\source\repos\moonlight-xbox\libgamestream\build\ZERO_CHECK.vcxproj" (default targets).
PrepareForBuild:
  Structured output is enabled. The formatting of compiler diagnostics will reflect the error hierarchy. See https://aka.ms/cpp/structured-output for more details.
GetInstalledSDKLocations:
  Searching for SDKs targeting "UAP, 10.0.26100.0".
  Searching for SDKs targeting "Windows, 8.1".
ResolveSDKReferences:
    Reading SDK manifest file "C:\Program Files (x86)\Microsoft SDKs\Windows Kits\10\ExtensionSDKs\Microsoft.VCLibs\14.0\SDKManifest.xml".
    Targeted configuration and architecture "Debug|x64"
    Could not find "FrameworkIdentity" attribute "FrameworkIdentity-Debug-x64" in the SDK manifest. 
    Found "FrameworkIdentity" attribute "Name = Microsoft.VCLibs.140.00.Debug, MinVersion = 14.0.33519.0, Publisher = 'CN=Microsoft Corporation, O=Microsoft Corporation, L=Redmond, S=Washington, C=US'" in the SDK manifest.
    Found "APPX" location attribute "AppX-Debug-x86=.\AppX\Debug\x86\Microsoft.VCLibs.x86.Debug.14.00.appx" in the SDK manifest.
    Found "APPX" location attribute "AppX-Debug-x64=.\AppX\Debug\x64\Microsoft.VCLibs.x64.Debug.14.00.appx" in the SDK manifest.
    Found "APPX" location attribute "AppX-Debug-ARM=.\AppX\Debug\ARM\Microsoft.VCLibs.ARM.Debug.14.00.appx" in the SDK manifest.
    Found "APPX" location attribute "AppX-Debug-ARM64=.\AppX\Debug\ARM64\Microsoft.VCLibs.ARM64.Debug.14.00.appx" in the SDK manifest.
ExpandSDKReferences:
  Enumerating SDK Reference "Microsoft.VCLibs, Version=14.0" from "C:\Program Files (x86)\Microsoft SDKs\Windows Kits\10\ExtensionSDKs\Microsoft.VCLibs\14.0\".
InitializeBuildStatus:
  Creating "enet.dir\Debug\enet.tlog\unsuccessfulbuild" because "AlwaysCreate" was specified.
  Touching "enet.dir\Debug\enet.tlog\unsuccessfulbuild".
CustomBuild:
  All outputs are up-to-date.
ClCompile:
  All outputs are up-to-date.
Lib:
  All outputs are up-to-date.
  enet.vcxproj -> C:\Users\mpotr\source\repos\moonlight-xbox\third_party\moonlight-common-c\build\enet\Debug\enet.lib
ComputeProcessXamlFiles:
  (Out) ProcessedXamlFiles == 
CustomOutputGroupForPackaging:
  (Out) Project='enet' ProcessedXamlFiles == 
  (Out) XamlPackagingRootFolder == Generated Files\
  (Out) ProcessedXamlFilesFullPath == 
  (Out) Project='enet' CustomOutputGroupForPackagingOutput == 
_GenerateProjectPriFileCore:
Skipping target "_GenerateProjectPriFileCore" because all output files are up-to-date with respect to the input files.
FinalizeBuildStatus:
  Deleting file "enet.dir\Debug\enet.tlog\unsuccessfulbuild".
  Touching "enet.dir\Debug\enet.tlog\enet.lastbuildstate".
Done Building Project "C:\Users\mpotr\source\repos\moonlight-xbox\third_party\moonlight-common-c\build\enet\enet.vcxproj" (default targets).
Project "C:\Users\mpotr\source\repos\moonlight-xbox\libgamestream\build\gamestream.vcxproj" (3) is building "C:\Users\mpotr\source\repos\moonlight-xbox\third_party\moonlight-common-c\build\moonlight-common-c.vcxproj" (6) on node 1 (default targets).
C:\Program Files\Microsoft Visual Studio\2022\Community\Msbuild\Microsoft\VC\v170\Microsoft.CppBuild.targets(538,5): warning MSB8028: The intermediate directory (moonlight-common-c.dir\Debug\) contains files shared from another project (moonlight-common-c.vcxproj).  This can lead to incorrect clean and rebuild behavior. [C:\Users\mpotr\source\repos\moonlight-xbox\third_party\moonlight-common-c\build\moonlight-common-c.vcxproj]
  Structured output is enabled. The formatting of compiler diagnostics will reflect the error hierarchy. See https://aka.ms/cpp/structured-output for more details.
GetInstalledSDKLocations:
  Searching for SDKs targeting "UAP, 10.0.26100.0".
  Searching for SDKs targeting "Windows, 8.1".
ResolveSDKReferences:
    Reading SDK manifest file "C:\Program Files (x86)\Microsoft SDKs\Windows Kits\10\ExtensionSDKs\Microsoft.VCLibs\14.0\SDKManifest.xml".
    Targeted configuration and architecture "Debug|x64"
    Could not find "FrameworkIdentity" attribute "FrameworkIdentity-Debug-x64" in the SDK manifest. 
    Found "FrameworkIdentity" attribute "Name = Microsoft.VCLibs.140.00.Debug, MinVersion = 14.0.33519.0, Publisher = 'CN=Microsoft Corporation, O=Microsoft Corporation, L=Redmond, S=Washington, C=US'" in the SDK manifest.
    Found "APPX" location attribute "AppX-Debug-x86=.\AppX\Debug\x86\Microsoft.VCLibs.x86.Debug.14.00.appx" in the SDK manifest.
    Found "APPX" location attribute "AppX-Debug-x64=.\AppX\Debug\x64\Microsoft.VCLibs.x64.Debug.14.00.appx" in the SDK manifest.
    Found "APPX" location attribute "AppX-Debug-ARM=.\AppX\Debug\ARM\Microsoft.VCLibs.ARM.Debug.14.00.appx" in the SDK manifest.
    Found "APPX" location attribute "AppX-Debug-ARM64=.\AppX\Debug\ARM64\Microsoft.VCLibs.ARM64.Debug.14.00.appx" in the SDK manifest.
ExpandSDKReferences:
  Enumerating SDK Reference "Microsoft.VCLibs, Version=14.0" from "C:\Program Files (x86)\Microsoft SDKs\Windows Kits\10\ExtensionSDKs\Microsoft.VCLibs\14.0\".
InitializeBuildStatus:
  Creating "moonlight-common-c.dir\Debug\moonligh.E025A414.tlog\unsuccessfulbuild" because "AlwaysCreate" was specified.
  Touching "moonlight-common-c.dir\Debug\moonligh.E025A414.tlog\unsuccessfulbuild".
CustomBuild:
  All outputs are up-to-date.
ClCompile:
  All outputs are up-to-date.
Lib:
  All outputs are up-to-date.
  moonlight-common-c.vcxproj -> C:\Users\mpotr\source\repos\moonlight-xbox\third_party\moonlight-common-c\build\Debug\moonlight-common-c.lib
ComputeProcessXamlFiles:
  (Out) ProcessedXamlFiles == 
CustomOutputGroupForPackaging:
  (Out) Project='moonlight-common-c' ProcessedXamlFiles == 
  (Out) XamlPackagingRootFolder == Generated Files\
  (Out) ProcessedXamlFilesFullPath == 
  (Out) Project='moonlight-common-c' CustomOutputGroupForPackagingOutput == 
_GenerateProjectPriFileCore:
Skipping target "_GenerateProjectPriFileCore" because all output files are up-to-date with respect to the input files.
FinalizeBuildStatus:
  Deleting file "moonlight-common-c.dir\Debug\moonligh.E025A414.tlog\unsuccessfulbuild".
  Touching "moonlight-common-c.dir\Debug\moonligh.E025A414.tlog\moonlight-common-c.lastbuildstate".
Done Building Project "C:\Users\mpotr\source\repos\moonlight-xbox\third_party\moonlight-common-c\build\moonlight-common-c.vcxproj" (default targets).
PrepareForBuild:
  Structured output is enabled. The formatting of compiler diagnostics will reflect the error hierarchy. See https://aka.ms/cpp/structured-output for more details.
GetInstalledSDKLocations:
  Searching for SDKs targeting "UAP, 10.0.26100.0".
  Searching for SDKs targeting "Windows, 8.1".
ResolveSDKReferences:
    Reading SDK manifest file "C:\Program Files (x86)\Microsoft SDKs\Windows Kits\10\ExtensionSDKs\Microsoft.VCLibs\14.0\SDKManifest.xml".
    Targeted configuration and architecture "Debug|x64"
    Could not find "FrameworkIdentity" attribute "FrameworkIdentity-Debug-x64" in the SDK manifest. 
    Found "FrameworkIdentity" attribute "Name = Microsoft.VCLibs.140.00.Debug, MinVersion = 14.0.33519.0, Publisher = 'CN=Microsoft Corporation, O=Microsoft Corporation, L=Redmond, S=Washington, C=US'" in the SDK manifest.
    Found "APPX" location attribute "AppX-Debug-x86=.\AppX\Debug\x86\Microsoft.VCLibs.x86.Debug.14.00.appx" in the SDK manifest.
    Found "APPX" location attribute "AppX-Debug-x64=.\AppX\Debug\x64\Microsoft.VCLibs.x64.Debug.14.00.appx" in the SDK manifest.
    Found "APPX" location attribute "AppX-Debug-ARM=.\AppX\Debug\ARM\Microsoft.VCLibs.ARM.Debug.14.00.appx" in the SDK manifest.
    Found "APPX" location attribute "AppX-Debug-ARM64=.\AppX\Debug\ARM64\Microsoft.VCLibs.ARM64.Debug.14.00.appx" in the SDK manifest.
ExpandSDKReferences:
  Enumerating SDK Reference "Microsoft.VCLibs, Version=14.0" from "C:\Program Files (x86)\Microsoft SDKs\Windows Kits\10\ExtensionSDKs\Microsoft.VCLibs\14.0\".
InitializeBuildStatus:
  Creating "gamestream.dir\Debug\gamestream.tlog\unsuccessfulbuild" because "AlwaysCreate" was specified.
  Touching "gamestream.dir\Debug\gamestream.tlog\unsuccessfulbuild".
CustomBuild:
  All outputs are up-to-date.
ClCompile:
  All outputs are up-to-date.
Lib:
  All outputs are up-to-date.
  gamestream.vcxproj -> C:\Users\mpotr\source\repos\moonlight-xbox\libgamestream\build\Debug\gamestream.lib
ComputeProcessXamlFiles:
  (Out) ProcessedXamlFiles == 
CustomOutputGroupForPackaging:
  (Out) Project='gamestream' ProcessedXamlFiles == 
  (Out) XamlPackagingRootFolder == Generated Files\
  (Out) ProcessedXamlFilesFullPath == 
  (Out) Project='gamestream' CustomOutputGroupForPackagingOutput == 
_GenerateProjectPriFileCore:
Skipping target "_GenerateProjectPriFileCore" because all output files are up-to-date with respect to the input files.
FinalizeBuildStatus:
  Deleting file "gamestream.dir\Debug\gamestream.tlog\unsuccessfulbuild".
  Touching "gamestream.dir\Debug\gamestream.tlog\gamestream.lastbuildstate".
Done Building Project "C:\Users\mpotr\source\repos\moonlight-xbox\libgamestream\build\gamestream.vcxproj" (default targets).
PrepareForBuild:
  Structured output is enabled. The formatting of compiler diagnostics will reflect the error hierarchy. See https://aka.ms/cpp/structured-output for more details.
GetInstalledSDKLocations:
  Searching for SDKs targeting "UAP, 10.0.26100.0".
  Searching for SDKs targeting "Windows, 8.1".
ResolveSDKReferences:
    Reading SDK manifest file "C:\Program Files (x86)\Microsoft SDKs\Windows Kits\10\ExtensionSDKs\Microsoft.VCLibs\14.0\SDKManifest.xml".
    Targeted configuration and architecture "Debug|x64"
    Could not find "FrameworkIdentity" attribute "FrameworkIdentity-Debug-x64" in the SDK manifest. 
    Found "FrameworkIdentity" attribute "Name = Microsoft.VCLibs.140.00.Debug, MinVersion = 14.0.33519.0, Publisher = 'CN=Microsoft Corporation, O=Microsoft Corporation, L=Redmond, S=Washington, C=US'" in the SDK manifest.
    Found "APPX" location attribute "AppX-Debug-x86=.\AppX\Debug\x86\Microsoft.VCLibs.x86.Debug.14.00.appx" in the SDK manifest.
    Found "APPX" location attribute "AppX-Debug-x64=.\AppX\Debug\x64\Microsoft.VCLibs.x64.Debug.14.00.appx" in the SDK manifest.
    Found "APPX" location attribute "AppX-Debug-ARM=.\AppX\Debug\ARM\Microsoft.VCLibs.ARM.Debug.14.00.appx" in the SDK manifest.
    Found "APPX" location attribute "AppX-Debug-ARM64=.\AppX\Debug\ARM64\Microsoft.VCLibs.ARM64.Debug.14.00.appx" in the SDK manifest.
ExpandSDKReferences:
  Enumerating SDK Reference "Microsoft.VCLibs, Version=14.0" from "C:\Program Files (x86)\Microsoft SDKs\Windows Kits\10\ExtensionSDKs\Microsoft.VCLibs\14.0\".
InitializeBuildStatus:
  Touching "moonligh.0d5dffaa\x64\Debug\moonligh.0d5dffaa.tlog\unsuccessfulbuild".
FxCompile:
  All outputs are up-to-date.
  All outputs are up-to-date.
CopyFileToFolders:
  All outputs are up-to-date.
MarkupCompilePass1:
  (Out) GeneratedCodeFiles: 'C:\Users\mpotr\source\repos\moonlight-xbox\Generated Files\App.g.h;C:\Users\mpotr\source\repos\moonlight-xbox\Generated Files\Controls\AspectRatioBox.g.h;C:\Users\mpotr\source\repos\moonlight-xbox\Generated Files\Controls\TabsLayout.g.h;C:\Users\mpotr\source\repos\moonlight-xbox\Generated Files\MoonlightWelcome.g.h;C:\Users\mpotr\source\repos\moonlight-xbox\Generated Files\KeyboardControl.g.h;C:\Users\mpotr\source\repos\moonlight-xbox\Generated Files\Pages\AppPage.g.h;C:\Users\mpotr\source\repos\moonlight-xbox\Generated Files\Pages\HostSelectorPage.g.h;C:\Users\mpotr\source\repos\moonlight-xbox\Generated Files\Pages\HostSettingsPage.g.h;C:\Users\mpotr\source\repos\moonlight-xbox\Generated Files\Pages\MoonlightSettings.g.h;C:\Users\mpotr\source\repos\moonlight-xbox\Generated Files\Pages\StreamPage.g.h;C:\Users\mpotr\source\repos\moonlight-xbox\Generated Files\Common\ModalDialog.g.h'
  (Out) GeneratedXamlFiles: 'C:\Users\mpotr\source\repos\moonlight-xbox\Generated Files\App.xaml;C:\Users\mpotr\source\repos\moonlight-xbox\Generated Files\Controls\AspectRatioBox.xaml;C:\Users\mpotr\source\repos\moonlight-xbox\Generated Files\Controls\TabsLayout.xaml;C:\Users\mpotr\source\repos\moonlight-xbox\Generated Files\MoonlightWelcome.xaml;C:\Users\mpotr\source\repos\moonlight-xbox\Generated Files\KeyboardControl.xaml;C:\Users\mpotr\source\repos\moonlight-xbox\Generated Files\Pages\AppActionsDialog.xaml;C:\Users\mpotr\source\repos\moonlight-xbox\Generated Files\Pages\AppPage.xaml;C:\Users\mpotr\source\repos\moonlight-xbox\Generated Files\Pages\HelpDialog.xaml;C:\Users\mpotr\source\repos\moonlight-xbox\Generated Files\Pages\HostSelectorPage.xaml;C:\Users\mpotr\source\repos\moonlight-xbox\Generated Files\Pages\HostSettingsPage.xaml;C:\Users\mpotr\source\repos\moonlight-xbox\Generated Files\Pages\MoonlightSettings.xaml;C:\Users\mpotr\source\repos\moonlight-xbox\Generated Files\Pages\StreamPage.xaml;C:\Users\mpotr\source\repos\moonlight-xbox\Generated Files\Common\ModalDialog.xaml'
  (Out) GeneratedXbfFiles: 'C:\Users\mpotr\source\repos\moonlight-xbox\Generated Files\App.xbf;C:\Users\mpotr\source\repos\moonlight-xbox\Generated Files\Controls\AspectRatioBox.xbf;C:\Users\mpotr\source\repos\moonlight-xbox\Generated Files\Controls\TabsLayout.xbf;C:\Users\mpotr\source\repos\moonlight-xbox\Generated Files\MoonlightWelcome.xbf;C:\Users\mpotr\source\repos\moonlight-xbox\Generated Files\KeyboardControl.xbf;C:\Users\mpotr\source\repos\moonlight-xbox\Generated Files\Pages\AppActionsDialog.xbf;C:\Users\mpotr\source\repos\moonlight-xbox\Generated Files\Pages\AppPage.xbf;C:\Users\mpotr\source\repos\moonlight-xbox\Generated Files\Pages\HelpDialog.xbf;C:\Users\mpotr\source\repos\moonlight-xbox\Generated Files\Pages\HostSelectorPage.xbf;C:\Users\mpotr\source\repos\moonlight-xbox\Generated Files\Pages\HostSettingsPage.xbf;C:\Users\mpotr\source\repos\moonlight-xbox\Generated Files\Pages\MoonlightSettings.xbf;C:\Users\mpotr\source\repos\moonlight-xbox\Generated Files\Pages\StreamPage.xbf;C:\Users\mpotr\source\repos\moonlight-xbox\Generated Files\Common\ModalDialog.xbf'
  (Out) ClCompile: 'App.xaml.cpp;Common\TextConsole.cpp;Common\XamlHelper.cpp;Controls\AspectRatioBox.xaml.cpp;Controls\TabsLayout.xaml.cpp;Converters\MultiplyConverter.cpp;Converters\UniformThicknessConverter.cpp;Keyboard\kbda1.cpp;Keyboard\kbda2.cpp;Keyboard\kbda3.cpp;Keyboard\kbdal.cpp;Keyboard\kbdarme.cpp;Keyboard\kbdarmw.cpp;Keyboard\kbdaze.cpp;Keyboard\kbdazel.cpp;Keyboard\kbdbe.cpp;Keyboard\kbdbga.cpp;Keyboard\kbdbgt.cpp;Keyboard\kbdblr.cpp;Keyboard\kbdbr.cpp;Keyboard\kbdbu.cpp;Keyboard\kbdbur.cpp;Keyboard\kbdcan.cpp;Keyboard\kbdcr.cpp;Keyboard\kbdcz.cpp;Keyboard\kbdcz1.cpp;Keyboard\kbdda.cpp;Keyboard\kbddv.cpp;Keyboard\kbdeo.cpp;Keyboard\kbdest.cpp;Keyboard\kbdfc.cpp;Keyboard\kbdfi.cpp;Keyboard\kbdfr.cpp;Keyboard\kbdgeo.cpp;Keyboard\kbdgerg.cpp;Keyboard\kbdgneo.cpp;Keyboard\kbdgr.cpp;Keyboard\kbdgr1.cpp;Keyboard\kbdhe.cpp;Keyboard\kbdheb.cpp;Keyboard\kbdhu.cpp;Keyboard\kbdic.cpp;Keyboard\kbdinasa.cpp;Keyboard\kbdinben.cpp;Keyboard\kbdindev.cpp;Keyboard\kbdinguj.cpp;Keyboard\kbdinmal.cpp;Keyboard\kbdir.cpp;Keyboard\kbdit.cpp;Keyboard\kbdjpn.cpp;Keyboard\kbdkaz.cpp;Keyboard\kbdkor.cpp;Keyboard\kbdla.cpp;Keyboard\kbdlt1.cpp;Keyboard\kbdlv.cpp;Keyboard\kbdmac.cpp;Keyboard\kbdne.cpp;Keyboard\kbdno.cpp;Keyboard\kbdpl.cpp;Keyboard\kbdpl1.cpp;Keyboard\kbdpo.cpp;Keyboard\kbdro.cpp;Keyboard\kbdrost.cpp;Keyboard\kbdru.cpp;Keyboard\kbdru1.cpp;Keyboard\kbdsf.cpp;Keyboard\kbdsg.cpp;Keyboard\kbdsl.cpp;Keyboard\kbdsl1.cpp;Keyboard\kbdsp.cpp;Keyboard\kbdsw.cpp;Keyboard\kbdtat.cpp;Keyboard\kbdth0.cpp;Keyboard\kbdth1.cpp;Keyboard\kbdth2.cpp;Keyboard\kbdth3.cpp;Keyboard\kbdtuf.cpp;Keyboard\kbdtuq.cpp;Keyboard\kbduk.cpp;Keyboard\kbdur.cpp;Keyboard\kbdurs.cpp;Keyboard\kbdus.cpp;Keyboard\kbdusa.cpp;Keyboard\kbdusl.cpp;Keyboard\kbdusr.cpp;Keyboard\kbdusx.cpp;Keyboard\kbduzb.cpp;Keyboard\kbdvntc.cpp;Keyboard\kbdycc.cpp;Keyboard\kbdycl.cpp;KeyboardCommon.cpp;KeyboardControl.xaml.cpp;MoonlightWelcome.xaml.cpp;Common\ModalDialog.xaml.cpp;Plot\ImGuiPlots.cpp;State\BandwidthTracker.cpp;State\MoonlightClient.cpp;State\Stats.cpp;State\StreamConfiguration.cpp;Common\DeviceResources.cpp;Common\EffectsLibrary.cpp;Common\ImageHelpers.cpp;Streaming\LogRenderer.cpp;Streaming\Pacer.cpp;Streaming\VideoRenderer.cpp;Streaming\FrameQueue.cpp;State\MDNSHandler.cpp;Pages\HostSettingsPage.xaml.cpp;Pages\MoonlightSettings.xaml.cpp;State\ScreenResolution.cpp;State\MoonlightApp.cpp;Pages\AppPage.xaml.cpp;Pages\HostSelectorPage.xaml.cpp;Pages\StreamPage.xaml.cpp;pch.cpp;Streaming\StatsRenderer.cpp;State\ApplicationState.cpp;State\MoonlightHost.cpp;Streaming\AudioPlayer.cpp;Streaming\FFmpegDecoder.cpp;Streaming\moonlight_xbox_dxMain.cpp;third_party\imgui-uwp\backends\imgui_impl_uwp.cpp;third_party\imgui\backends\imgui_impl_dx11.cpp;third_party\imgui\imgui.cpp;third_party\imgui\imgui_demo.cpp;third_party\imgui\imgui_draw.cpp;third_party\imgui\imgui_tables.cpp;third_party\imgui\imgui_widgets.cpp;Utils.cpp;Utils\FloatBuffer.cpp'
ClCompile:
  All outputs are up-to-date.
  C:\Program Files\Microsoft Visual Studio\2022\Community\VC\Tools\MSVC\14.44.35207\bin\HostX86\x64\CL.exe /c /I"C:\Users\mpotr\source\repos\moonlight-xbox\\" /I"C:\Users\mpotr\source\repos\moonlight-xbox\\third_party\DirectXTK\inc" /I"C:\Users\mpotr\source\repos\moonlight-xbox\vcpkg_installed\x64-uwp\include" /Imoonligh.0d5dffaa\x64\Debug\ /I"third_party\moonlight-common-c\src" /Ithird_party\imgui /Ithird_party\imgui\backends /I"third_party\imgui-uwp\backends" /Ithird_party\implot /I"C:\Users\mpotr\source\repos\moonlight-xbox\\" /I"Generated Files\\" /Imoonligh.0d5dffaa\x64\Debug\ /ZI /JMC /ZW /ZW:nostdlib /nologo /W3 /WX- /diagnostics:column /sdl /MP /Od /Oy- /D _CRT_NONSTDC_NO_DEPRECATE /D _CRT_SECURE_NO_DEPRECATE /D _CRT_SECURE_NO_WARNINGS /D _DEBUG /D _UNICODE /D UNICODE /D _DEBUG /D WINAPI_FAMILY=WINAPI_FAMILY_APP /D __WRL_NO_DEFAULT_LIB__ /D _SILENCE_CXX17_CODECVT_HEADER_DEPRECATION_WARNING /Gm- /EHsc /RTC1 /MDd /GS /fp:precise /Zc:wchar_t /Zc:forScope /Zc:inline /std:c++17 /Yu"pch.h" /Fp"moonligh.0d5dffaa\x64\Debug\pch.pch" /Fo"moonligh.0d5dffaa\x64\Debug\\" /Fd"moonligh.0d5dffaa\x64\Debug\vc143.pdb" /external:W3 /Gd /TP /wd4453 /wd28204 /FU"C:\Program Files\Microsoft Visual Studio\2022\Community\VC\Tools\MSVC\14.44.35207\lib\x86\store\references\platform.winmd" /FU"C:\Users\mpotr\source\repos\moonlight-xbox\packages\Microsoft.UI.Xaml.2.7.0\lib\uap10.0\Microsoft.UI.Xaml.winmd" /FU"C:\Program Files (x86)\Windows Kits\10\References\10.0.26100.0\Windows.AI.MachineLearning.MachineLearningContract\5.0.0.0\Windows.AI.MachineLearning.MachineLearningContract.winmd" /FU"C:\Program Files (x86)\Windows Kits\10\References\10.0.26100.0\Windows.AI.MachineLearning.Preview.MachineLearningPreviewContract\2.0.0.0\Windows.AI.MachineLearning.Preview.MachineLearningPreviewContract.winmd" /FU"C:\Program Files (x86)\Windows Kits\10\References\10.0.26100.0\Windows.ApplicationModel.Calls.Background.CallsBackgroundContract\4.0.0.0\Windows.ApplicationModel.Calls.Background.CallsBackgroundContract.winmd" /FU"C:\Program Files (x86)\Windows Kits\10\References\10.0.26100.0\Windows.ApplicationModel.Calls.CallsPhoneContract\7.0.0.0\Windows.ApplicationModel.Calls.CallsPhoneContract.winmd" /FU"C:\Program Files (x86)\Windows Kits\10\References\10.0.26100.0\Windows.ApplicationModel.Calls.CallsVoipContract\5.0.0.0\Windows.ApplicationModel.Calls.CallsVoipContract.winmd" /FU"C:\Program Files (x86)\Windows Kits\10\References\10.0.26100.0\Windows.ApplicationModel.CommunicationBlocking.CommunicationBlockingContract\2.0.0.0\Windows.ApplicationModel.CommunicationBlocking.CommunicationBlockingContract.winmd" /FU"C:\Program Files (x86)\Windows Kits\10\References\10.0.26100.0\Windows.ApplicationModel.SocialInfo.SocialInfoContract\2.0.0.0\Windows.ApplicationModel.SocialInfo.SocialInfoContract.winmd" /FU"C:\Program Files (x86)\Windows Kits\10\References\10.0.26100.0\Windows.ApplicationModel.StartupTaskContract\3.0.0.0\Windows.ApplicationModel.StartupTaskContract.winmd" /FU"C:\Program Files (x86)\Windows Kits\10\References\10.0.26100.0\Windows.Devices.Custom.CustomDeviceContract\1.0.0.0\Windows.Devices.Custom.CustomDeviceContract.winmd" /FU"C:\Program Files (x86)\Windows Kits\10\References\10.0.26100.0\Windows.Devices.DevicesLowLevelContract\3.0.0.0\Windows.Devices.DevicesLowLevelContract.winmd" /FU"C:\Program Files (x86)\Windows Kits\10\References\10.0.26100.0\Windows.Devices.Printers.PrintersContract\1.0.0.0\Windows.Devices.Printers.PrintersContract.winmd" /FU"C:\Program Files (x86)\Windows Kits\10\References\10.0.26100.0\Windows.Devices.SmartCards.SmartCardBackgroundTriggerContract\3.0.0.0\Windows.Devices.SmartCards.SmartCardBackgroundTriggerContract.winmd" /FU"C:\Program Files (x86)\Windows Kits\10\References\10.0.26100.0\Windows.Devices.SmartCards.SmartCardEmulatorContract\6.0.0.0\Windows.Devices.SmartCards.SmartCardEmulatorContract.winmd" /FU"C:\Program Files (x86)\Windows Kits\10\References\10.0.26100.0\Windows.Foundation.FoundationContract\4.0.0.0\Windows.Foundation.FoundationContract.winmd" /FU"C:\Program Files (x86)\Windows Kits\10\References\10.0.26100.0\Windows.Foundation.UniversalApiContract\19.0.0.0\Windows.Foundation.UniversalApiContract.winmd" /FU"C:\Program Files (x86)\Windows Kits\10\References\10.0.26100.0\Windows.Gaming.XboxLive.StorageApiContract\1.0.0.0\Windows.Gaming.XboxLive.StorageApiContract.winmd" /FU"C:\Program Files (x86)\Windows Kits\10\References\10.0.26100.0\Windows.Graphics.Printing3D.Printing3DContract\4.0.0.0\Windows.Graphics.Printing3D.Printing3DContract.winmd" /FU"C:\Program Files (x86)\Windows Kits\10\References\10.0.26100.0\Windows.Networking.Connectivity.WwanContract\3.0.0.0\Windows.Networking.Connectivity.WwanContract.winmd" /FU"C:\Program Files (x86)\Windows Kits\10\References\10.0.26100.0\Windows.Networking.Sockets.ControlChannelTriggerContract\3.0.0.0\Windows.Networking.Sockets.ControlChannelTriggerContract.winmd" /FU"C:\Program Files (x86)\Windows Kits\10\References\10.0.26100.0\Windows.Security.Isolation.IsolatedWindowsEnvironmentContract\5.0.0.0\Windows.Security.Isolation.Isolatedwindowsenvironmentcontract.winmd" /FU"C:\Program Files (x86)\Windows Kits\10\References\10.0.26100.0\Windows.Services.Maps.GuidanceContract\3.0.0.0\Windows.Services.Maps.GuidanceContract.winmd" /FU"C:\Program Files (x86)\Windows Kits\10\References\10.0.26100.0\Windows.Services.Maps.LocalSearchContract\4.0.0.0\Windows.Services.Maps.LocalSearchContract.winmd" /FU"C:\Program Files (x86)\Windows Kits\10\References\10.0.26100.0\Windows.Services.Store.StoreContract\4.0.0.0\Windows.Services.Store.StoreContract.winmd" /FU"C:\Program Files (x86)\Windows Kits\10\References\10.0.26100.0\Windows.Services.TargetedContent.TargetedContentContract\1.0.0.0\Windows.Services.TargetedContent.TargetedContentContract.winmd" /FU"C:\Program Files (x86)\Windows Kits\10\References\10.0.26100.0\Windows.Storage.Provider.CloudFilesContract\7.0.0.0\Windows.Storage.Provider.CloudFilesContract.winmd" /FU"C:\Program Files (x86)\Windows Kits\10\References\10.0.26100.0\Windows.System.Profile.ProfileHardwareTokenContract\1.0.0.0\Windows.System.Profile.ProfileHardwareTokenContract.winmd" /FU"C:\Program Files (x86)\Windows Kits\10\References\10.0.26100.0\Windows.System.Profile.ProfileRetailInfoContract\1.0.0.0\Windows.System.Profile.ProfileRetailInfoContract.winmd" /FU"C:\Program Files (x86)\Windows Kits\10\References\10.0.26100.0\Windows.System.Profile.ProfileSharedModeContract\2.0.0.0\Windows.System.Profile.ProfileSharedModeContract.winmd" /FU"C:\Program Files (x86)\Windows Kits\10\References\10.0.26100.0\Windows.System.Profile.SystemManufacturers.SystemManufacturersContract\3.0.0.0\Windows.System.Profile.SystemManufacturers.SystemManufacturersContract.winmd" /FU"C:\Program Files (x86)\Windows Kits\10\References\10.0.26100.0\Windows.System.SystemManagementContract\7.0.0.0\Windows.System.SystemManagementContract.winmd" /FU"C:\Program Files (x86)\Windows Kits\10\References\10.0.26100.0\Windows.UI.UIAutomation.UIAutomationContract\2.0.0.0\Windows.UI.UIAutomation.UIAutomationContract.winmd" /FU"C:\Program Files (x86)\Windows Kits\10\References\10.0.26100.0\Windows.UI.ViewManagement.ViewManagementViewScalingContract\1.0.0.0\Windows.UI.ViewManagement.ViewManagementViewScalingContract.winmd" /FU"C:\Program Files (x86)\Windows Kits\10\References\10.0.26100.0\Windows.UI.Xaml.Core.Direct.XamlDirectContract\5.0.0.0\Windows.UI.Xaml.Core.Direct.XamlDirectContract.winmd" /analyze- /FC /errorReport:queue /bigobj /await Pages\AppPage.xaml.cpp
  AppPage.xaml.cpp
C:\Users\mpotr\source\repos\moonlight-xbox\Keyboard\KeyboardCommon.h(186,7): warning C4200: nonstandard extension used: zero-sized array in struct/union [C:\Users\mpotr\source\repos\moonlight-xbox\moonlight-xbox-dx.vcxproj]
  (compiling source file '/Pages/AppPage.xaml.cpp')
      C:\Users\mpotr\source\repos\moonlight-xbox\Keyboard\KeyboardCommon.h(186,7):
      This member will be ignored by a defaulted constructor or copy/move assignment operator
  
C:\Users\mpotr\source\repos\moonlight-xbox\Pages\AppPage.xaml.cpp(140,25): error C3493: 'dispatcher' cannot be implicitly captured because no default capture mode has been specified [C:\Users\mpotr\source\repos\moonlight-xbox\moonlight-xbox-dx.vcxproj]
  (compiling source file '/Pages/AppPage.xaml.cpp')
  
C:\Program Files\Microsoft Visual Studio\2022\Community\VC\Tools\MSVC\14.44.35207\include\ppltasks.h(392,23): error C2338: static_assert failed: 'incorrect parameter type for the callable object in 'then'; consider _ExpectedParameterType or task<_ExpectedParameterType> (see below)' [C:\Users\mpotr\source\repos\moonlight-xbox\moonlight-xbox-dx.vcxproj]
  (compiling source file '/Pages/AppPage.xaml.cpp')
      C:\Program Files\Microsoft Visual Studio\2022\Community\VC\Tools\MSVC\14.44.35207\include\ppltasks.h(392,23):
      the template instantiation context (the oldest one first) is
          C:\Users\mpotr\source\repos\moonlight-xbox\Pages\AppPage.xaml.cpp(105,16):
          while compiling class template member function 'details::_ContinuationTypeTraits<_Function,_ReturnType>::_TaskOfType Concurrency::task<_ReturnType>::then(const _Function &) const'
          with
          [
              _ReturnType=Windows::Storage::Streams::IBuffer ^
          ]
          C:\Users\mpotr\source\repos\moonlight-xbox\Pages\AppPage.xaml.cpp(105,16):
          see reference to class template instantiation 'Concurrency::details::_ContinuationTypeTraits<int,_ReturnType>' being compiled
          with
          [
              _ReturnType=Windows::Storage::Streams::IBuffer ^
          ]
          C:\Program Files\Microsoft Visual Studio\2022\Community\VC\Tools\MSVC\14.44.35207\include\ppltasks.h(434,101):
          see reference to class template instantiation 'Concurrency::details::_FunctionTypeTraits<_Function,_ReturnType>' being compiled
          with
          [
              _Function=int,
              _ReturnType=Windows::Storage::Streams::IBuffer ^
          ]
  
Done Building Project "C:\Users\mpotr\source\repos\moonlight-xbox\moonlight-xbox-dx.vcxproj" (default targets) -- FAILED.
Project "C:\Users\mpotr\source\repos\moonlight-xbox\moonlight-xbox-dx.sln" (1) is building "C:\Users\mpotr\source\repos\moonlight-xbox\third_party\DirectXTK\DirectXTK_Windows10_2022.vcxproj" (7) on node 1 (default targets).
PrepareForBuild:
  Structured output is enabled. The formatting of compiler diagnostics will reflect the error hierarchy. See https://aka.ms/cpp/structured-output for more details.
GetInstalledSDKLocations:
  Searching for SDKs targeting "UAP, 10.0.26100.0".
  Searching for SDKs targeting "Windows, 8.1".
ResolveSDKReferences:
    Reading SDK manifest file "C:\Program Files (x86)\Microsoft SDKs\Windows Kits\10\ExtensionSDKs\Microsoft.VCLibs\14.0\SDKManifest.xml".
    Targeted configuration and architecture "Debug|x64"
    Could not find "FrameworkIdentity" attribute "FrameworkIdentity-Debug-x64" in the SDK manifest. 
    Found "FrameworkIdentity" attribute "Name = Microsoft.VCLibs.140.00.Debug, MinVersion = 14.0.33519.0, Publisher = 'CN=Microsoft Corporation, O=Microsoft Corporation, L=Redmond, S=Washington, C=US'" in the SDK manifest.
    Found "APPX" location attribute "AppX-Debug-x86=.\AppX\Debug\x86\Microsoft.VCLibs.x86.Debug.14.00.appx" in the SDK manifest.
    Found "APPX" location attribute "AppX-Debug-x64=.\AppX\Debug\x64\Microsoft.VCLibs.x64.Debug.14.00.appx" in the SDK manifest.
    Found "APPX" location attribute "AppX-Debug-ARM=.\AppX\Debug\ARM\Microsoft.VCLibs.ARM.Debug.14.00.appx" in the SDK manifest.
    Found "APPX" location attribute "AppX-Debug-ARM64=.\AppX\Debug\ARM64\Microsoft.VCLibs.ARM64.Debug.14.00.appx" in the SDK manifest.
ExpandSDKReferences:
  Enumerating SDK Reference "Microsoft.VCLibs, Version=14.0" from "C:\Program Files (x86)\Microsoft SDKs\Windows Kits\10\ExtensionSDKs\Microsoft.VCLibs\14.0\".
InitializeBuildStatus:
  Creating "Bin\Windows10_2022\x64\Debug\DirectXTK.tlog\unsuccessfulbuild" because "AlwaysCreate" was specified.
  Touching "Bin\Windows10_2022\x64\Debug\DirectXTK.tlog\unsuccessfulbuild".
ClCompile:
  All outputs are up-to-date.
  All outputs are up-to-date.
Lib:
  All outputs are up-to-date.
  DirectXTK_Windows10_2022.vcxproj -> C:\Users\mpotr\source\repos\moonlight-xbox\third_party\DirectXTK\Bin\Windows10_2022\x64\Debug\DirectXTK.lib
ComputeProcessXamlFiles:
  (Out) ProcessedXamlFiles == 
CustomOutputGroupForPackaging:
  (Out) Project='DirectXTK_Windows10_2022' ProcessedXamlFiles == 
  (Out) XamlPackagingRootFolder == Generated Files\
  (Out) ProcessedXamlFilesFullPath == 
  (Out) Project='DirectXTK_Windows10_2022' CustomOutputGroupForPackagingOutput == 
_GenerateProjectPriFileCore:
Skipping target "_GenerateProjectPriFileCore" because all output files are up-to-date with respect to the input files.
FinalizeBuildStatus:
  Deleting file "Bin\Windows10_2022\x64\Debug\DirectXTK.tlog\unsuccessfulbuild".
  Touching "Bin\Windows10_2022\x64\Debug\DirectXTK.tlog\DirectXTK.lastbuildstate".
Done Building Project "C:\Users\mpotr\source\repos\moonlight-xbox\third_party\DirectXTK\DirectXTK_Windows10_2022.vcxproj" (default targets).
Done Building Project "C:\Users\mpotr\source\repos\moonlight-xbox\moonlight-xbox-dx.sln" (default targets) -- FAILED.

Build FAILED.

"C:\Users\mpotr\source\repos\moonlight-xbox\moonlight-xbox-dx.sln" (default target) (1) ->
"C:\Users\mpotr\source\repos\moonlight-xbox\moonlight-xbox-dx.vcxproj" (default target) (2) ->
"C:\Users\mpotr\source\repos\moonlight-xbox\libgamestream\build\gamestream.vcxproj" (default target) (3) ->
"C:\Users\mpotr\source\repos\moonlight-xbox\third_party\moonlight-common-c\build\moonlight-common-c.vcxproj" (default target) (6) ->
(PrepareForBuild target) -> 
  C:\Program Files\Microsoft Visual Studio\2022\Community\Msbuild\Microsoft\VC\v170\Microsoft.CppBuild.targets(538,5): warning MSB8028: The intermediate directory (moonlight-common-c.dir\Debug\) contains files shared from another project (moonlight-common-c.vcxproj).  This can lead to incorrect clean and rebuild behavior. [C:\Users\mpotr\source\repos\moonlight-xbox\third_party\moonlight-common-c\build\moonlight-common-c.vcxproj]


"C:\Users\mpotr\source\repos\moonlight-xbox\moonlight-xbox-dx.sln" (default target) (1) ->
"C:\Users\mpotr\source\repos\moonlight-xbox\moonlight-xbox-dx.vcxproj" (default target) (2) ->
(ClCompile target) -> 
  C:\Users\mpotr\source\repos\moonlight-xbox\Keyboard\KeyboardCommon.h(186,7): warning C4200: nonstandard extension used: zero-sized array in struct/union [C:\Users\mpotr\source\repos\moonlight-xbox\moonlight-xbox-dx.vcxproj]


"C:\Users\mpotr\source\repos\moonlight-xbox\moonlight-xbox-dx.sln" (default target) (1) ->
"C:\Users\mpotr\source\repos\moonlight-xbox\moonlight-xbox-dx.vcxproj" (default target) (2) ->
(ClCompile target) -> 
  C:\Users\mpotr\source\repos\moonlight-xbox\Pages\AppPage.xaml.cpp(140,25): error C3493: 'dispatcher' cannot be implicitly captured because no default capture mode has been specified [C:\Users\mpotr\source\repos\moonlight-xbox\moonlight-xbox-dx.vcxproj]
  C:\Program Files\Microsoft Visual Studio\2022\Community\VC\Tools\MSVC\14.44.35207\include\ppltasks.h(392,23): error C2338: static_assert failed: 'incorrect parameter type for the callable object in 'then'; consider _ExpectedParameterType or task<_ExpectedParameterType> (see below)' [C:\Users\mpotr\source\repos\moonlight-xbox\moonlight-xbox-dx.vcxproj]

    2 Warning(s)
    2 Error(s)

Time Elapsed 00:00:06.91
